66.249.66.210 - - [05/Sep/2017:16:37:20 -0700] "GET /stream2 HTTP/1.1" 200 7262267 "-" "Mozilla/5.0 (compatible; Googlebot/2.1; +http://www.google.com/bot.html)" 180
198.199.105.67 - - [05/Sep/2017:16:38:22 -0700] "GET /admin/metadata HTTP/1.0" 200 335 "-" "libshout/2.3.1" 0
198.199.105.67 - - [05/Sep/2017:16:41:38 -0700] "GET /admin/metadata HTTP/1.0" 200 335 "-" "libshout/2.3.1" 0
139.162.79.87 - - [05/Sep/2017:16:44:38 -0700] "GET / HTTP/1.1" 200 2988 "-" "Mozilla/5.0" 0
198.199.105.67 - - [05/Sep/2017:16:44:44 -0700] "GET /admin/metadata HTTP/1.0" 200 335 "-" "libshout/2.3.1" 0
198.199.105.67 - - [05/Sep/2017:16:49:22 -0700] "GET /admin/metadata HTTP/1.0" 200 335 "-" "libshout/2.3.1" 0
66.249.66.208 - - [05/Sep/2017:16:49:35 -0700] "GET /stream HTTP/1.1" 200 7259467 "-" "Mozilla/5.0 (compatible; Googlebot/2.1; +http://www.google.com/bot.html)" 180
198.199.105.67 - - [05/Sep/2017:16:53:45 -0700] "GET /admin/metadata HTTP/1.0" 200 335 "-" "libshout/2.3.1" 0
66.249.66.210 - - [05/Sep/2017:16:56:08 -0700] "GET /stream HTTP/1.1" 200 7260867 "-" "Mozilla/5.0 (compatible; Googlebot/2.1; +http://www.google.com/bot.html)" 180
198.199.105.67 - - [05/Sep/2017:17:00:17 -0700] "GET /admin/metadata HTTP/1.0" 200 335 "-" "libshout/2.3.1" 0
66.249.66.210 - - [05/Sep/2017:17:02:46 -0700] "GET /stream HTTP/1.1" 200 7263667 "-" "Mozilla/5.0 (compatible; Googlebot/2.1; +http://www.google.com/bot.html)" 181
198.199.105.67 - - [05/Sep/2017:17:03:50 -0700] "GET /admin/metadata HTTP/1.0" 200 335 "-" "libshout/2.3.1" 0
198.199.105.67 - - [05/Sep/2017:17:08:27 -0700] "GET /admin/metadata HTTP/1.0" 200 335 "-" "libshout/2.3.1" 0
198.199.105.67 - - [05/Sep/2017:17:11:54 -0700] "GET /admin/metadata HTTP/1.0" 200 335 "-" "libshout/2.3.1" 0
198.199.105.67 - - [05/Sep/2017:17:16:53 -0700] "GET /admin/metadata HTTP/1.0" 200 335 "-" "libshout/2.3.1" 0
198.199.105.67 - - [05/Sep/2017:17:20:31 -0700] "GET /admin/metadata HTTP/1.0" 200 335 "-" "libshout/2.3.1" 0
198.199.105.67 - - [05/Sep/2017:17:25:22 -0700] "GET /admin/metadata HTTP/1.0" 200 335 "-" "libshout/2.3.1" 0
198.199.105.67 - - [05/Sep/2017:17:34:39 -0700] "GET /admin/metadata HTTP/1.0" 200 335 "-" "libshout/2.3.1" 0
198.199.105.67 - - [05/Sep/2017:17:39:04 -0700] "GET /admin/metadata HTTP/1.0" 200 335 "-" "libshout/2.3.1" 0
198.199.105.67 - - [05/Sep/2017:17:41:34 -0700] "GET /admin/metadata HTTP/1.0" 200 335 "-" "libshout/2.3.1" 0
198.199.105.67 - - [05/Sep/2017:17:45:22 -0700] "GET /admin/metadata HTTP/1.0" 200 335 "-" "libshout/2.3.1" 0
198.199.105.67 - - [05/Sep/2017:17:49:06 -0700] "GET /admin/metadata HTTP/1.0" 200 335 "-" "libshout/2.3.1" 0
198.199.105.67 - - [05/Sep/2017:17:56:31 -0700] "GET /admin/metadata HTTP/1.0" 200 335 "-" "libshout/2.3.1" 0
198.199.105.67 - - [05/Sep/2017:17:59:14 -0700] "GET /admin/metadata HTTP/1.0" 200 335 "-" "libshout/2.3.1" 0
198.199.105.67 - - [05/Sep/2017:18:03:25 -0700] "GET /admin/metadata HTTP/1.0" 200 335 "-" "libshout/2.3.1" 0
198.199.105.67 - - [05/Sep/2017:18:07:35 -0700] "GET /admin/metadata HTTP/1.0" 200 335 "-" "libshout/2.3.1" 0
198.199.105.67 - - [05/Sep/2017:18:11:35 -0700] "GET /admin/metadata HTTP/1.0" 200 335 "-" "libshout/2.3.1" 0
198.199.105.67 - - [05/Sep/2017:18:14:47 -0700] "GET /admin/metadata HTTP/1.0" 200 335 "-" "libshout/2.3.1" 0
198.199.105.67 - - [05/Sep/2017:18:19:05 -0700] "GET /admin/metadata HTTP/1.0" 200 335 "-" "libshout/2.3.1" 0
198.199.105.67 - - [05/Sep/2017:18:22:59 -0700] "GET /admin/metadata HTTP/1.0" 200 335 "-" "libshout/2.3.1" 0
198.199.105.67 - - [05/Sep/2017:18:26:28 -0700] "GET /admin/metadata HTTP/1.0" 200 335 "-" "libshout/2.3.1" 0
198.199.105.67 - - [05/Sep/2017:18:30:12 -0700] "GET /admin/metadata HTTP/1.0" 200 335 "-" "libshout/2.3.1" 0
198.199.105.67 - - [05/Sep/2017:18:33:56 -0700] "GET /admin/metadata HTTP/1.0" 200 335 "-" "libshout/2.3.1" 0
198.199.105.67 - - [05/Sep/2017:18:38:16 -0700] "GET /admin/metadata HTTP/1.0" 200 335 "-" "libshout/2.3.1" 0
66.249.66.212 - - [05/Sep/2017:18:42:19 -0700] "GET /robots.txt HTTP/1.1" 404 333 "-" "Mozilla/5.0 (compatible; Googlebot/2.1; +http://www.google.com/bot.html)" 0
198.199.105.67 - - [05/Sep/2017:18:44:05 -0700] "GET /admin/metadata HTTP/1.0" 200 335 "-" "libshout/2.3.1" 0
198.199.105.67 - - [05/Sep/2017:18:48:01 -0700] "GET /admin/metadata HTTP/1.0" 200 335 "-" "libshout/2.3.1" 0
66.249.66.208 - - [05/Sep/2017:18:49:34 -0700] "GET /stream HTTP/1.1" 200 7260867 "-" "Mozilla/5.0 (compatible; Googlebot/2.1; +http://www.google.com/bot.html)" 180
198.199.105.67 - - [05/Sep/2017:18:51:31 -0700] "GET /admin/metadata HTTP/1.0" 200 335 "-" "libshout/2.3.1" 0
66.249.66.208 - - [05/Sep/2017:18:56:12 -0700] "GET /stream HTTP/1.1" 200 7262267 "-" "Mozilla/5.0 (compatible; Googlebot/2.1; +http://www.google.com/bot.html)" 181
198.199.105.67 - - [05/Sep/2017:18:57:25 -0700] "GET /admin/metadata HTTP/1.0" 200 335 "-" "libshout/2.3.1" 0
198.199.105.67 - - [05/Sep/2017:19:00:51 -0700] "GET /admin/metadata HTTP/1.0" 200 335 "-" "libshout/2.3.1" 0
66.249.66.212 - - [05/Sep/2017:19:02:33 -0700] "GET /stream HTTP/1.1" 200 6009267 "-" "Mozilla/5.0 (compatible; Googlebot/2.1; +http://www.google.com/bot.html)" 180
198.199.105.67 - - [05/Sep/2017:19:03:00 -0700] "GET /admin/metadata HTTP/1.0" 200 335 "-" "libshout/2.3.1" 0
198.199.105.67 - - [05/Sep/2017:19:04:55 -0700] "GET /admin/metadata HTTP/1.0" 200 335 "-" "libshout/2.3.1" 0
198.199.105.67 - - [05/Sep/2017:19:07:40 -0700] "GET /admin/metadata HTTP/1.0" 200 335 "-" "libshout/2.3.1" 0
198.199.105.67 - - [05/Sep/2017:19:13:44 -0700] "GET /admin/metadata HTTP/1.0" 200 335 "-" "libshout/2.3.1" 0
198.199.105.67 - - [05/Sep/2017:19:21:37 -0700] "GET /admin/metadata HTTP/1.0" 200 335 "-" "libshout/2.3.1" 0
198.199.105.67 - - [05/Sep/2017:19:25:45 -0700] "GET /admin/metadata HTTP/1.0" 200 335 "-" "libshout/2.3.1" 0
198.199.105.67 - - [05/Sep/2017:19:30:07 -0700] "GET /admin/metadata HTTP/1.0" 200 335 "-" "libshout/2.3.1" 0
198.199.105.67 - - [05/Sep/2017:19:33:53 -0700] "GET /admin/metadata HTTP/1.0" 200 335 "-" "libshout/2.3.1" 0
198.199.105.67 - - [05/Sep/2017:19:36:20 -0700] "GET /admin/metadata HTTP/1.0" 200 335 "-" "libshout/2.3.1" 0
198.199.105.67 - - [05/Sep/2017:19:39:01 -0700] "GET /admin/metadata HTTP/1.0" 200 335 "-" "libshout/2.3.1" 0
198.199.105.67 - - [05/Sep/2017:19:41:20 -0700] "GET /admin/metadata HTTP/1.0" 200 335 "-" "libshout/2.3.1" 0
198.199.105.67 - - [05/Sep/2017:19:46:01 -0700] "GET /admin/metadata HTTP/1.0" 200 335 "-" "libshout/2.3.1" 0
198.199.105.67 - - [05/Sep/2017:19:49:41 -0700] "GET /admin/metadata HTTP/1.0" 200 335 "-" "libshout/2.3.1" 0
66.249.66.212 - - [05/Sep/2017:19:51:34 -0700] "GET /stream2 HTTP/1.1" 200 7260867 "-" "Mozilla/5.0 (compatible; Googlebot/2.1; +http://www.google.com/bot.html)" 180
198.199.105.67 - - [05/Sep/2017:19:54:08 -0700] "GET /admin/metadata HTTP/1.0" 200 335 "-" "libshout/2.3.1" 0
198.199.105.67 - - [05/Sep/2017:19:56:08 -0700] "GET /admin/metadata HTTP/1.0" 200 335 "-" "libshout/2.3.1" 0
66.249.66.210 - - [05/Sep/2017:19:58:18 -0700] "GET /stream2 HTTP/1.1" 200 7265067 "-" "Mozilla/5.0 (compatible; Googlebot/2.1; +http://www.google.com/bot.html)" 181
198.199.105.67 - - [05/Sep/2017:20:02:01 -0700] "GET /admin/metadata HTTP/1.0" 200 335 "-" "libshout/2.3.1" 0
198.199.105.67 - - [05/Sep/2017:20:03:38 -0700] "GET /admin/metadata HTTP/1.0" 200 335 "-" "libshout/2.3.1" 0
66.249.66.212 - - [05/Sep/2017:20:04:32 -0700] "GET /stream2 HTTP/1.1" 200 6398467 "-" "Mozilla/5.0 (compatible; Googlebot/2.1; +http://www.google.com/bot.html)" 180
198.199.105.67 - - [05/Sep/2017:20:07:35 -0700] "GET /admin/metadata HTTP/1.0" 200 335 "-" "libshout/2.3.1" 0
66.249.66.212 - - [05/Sep/2017:20:11:04 -0700] "GET /stream HTTP/1.1" 200 7260867 "-" "Mozilla/5.0 (compatible; Googlebot/2.1; +http://www.google.com/bot.html)" 180
198.199.105.67 - - [05/Sep/2017:20:12:07 -0700] "GET /admin/metadata HTTP/1.0" 200 335 "-" "libshout/2.3.1" 0
66.102.6.145 - - [05/Sep/2017:20:12:23 -0700] "GET / HTTP/1.1" 200 2969 "-" "Mozilla/5.0 (X11; Linux x86_64) AppleWebKit/537.36 (KHTML, like Gecko) Chrome/49.0.2623.75 Safari/537.36 Google Favicon" 0
66.102.6.144 - - [05/Sep/2017:20:12:23 -0700] "GET /favicon.ico HTTP/1.1" 404 333 "-" "Mozilla/5.0 (X11; Linux x86_64) AppleWebKit/537.36 (KHTML, like Gecko) Chrome/49.0.2623.75 Safari/537.36 Google Favicon" 0
198.199.105.67 - - [05/Sep/2017:20:15:56 -0700] "GET /admin/metadata HTTP/1.0" 200 335 "-" "libshout/2.3.1" 0
66.249.66.212 - - [05/Sep/2017:20:17:29 -0700] "GET /stream HTTP/1.1" 200 7260867 "-" "Mozilla/5.0 (compatible; Googlebot/2.1; +http://www.google.com/bot.html)" 180
208.80.84.160 - - [05/Sep/2017:20:19:07 -0700] "GET /status.xsl HTTP/1.1" 200 2983 "-" "Mozilla/5.0 (Macintosh; Intel Mac OS X 10_11_6) AppleWebKit/537.36 (KHTML, like Gecko) Chrome/53.0.2785.143 Safari/537.36" 0
198.199.105.67 - - [05/Sep/2017:20:20:07 -0700] "GET /admin/metadata HTTP/1.0" 200 335 "-" "libshout/2.3.1" 0
198.199.105.67 - - [05/Sep/2017:20:22:16 -0700] "GET /admin/metadata HTTP/1.0" 200 335 "-" "libshout/2.3.1" 0
66.249.66.208 - - [05/Sep/2017:20:23:56 -0700] "GET /stream HTTP/1.1" 200 7263667 "-" "Mozilla/5.0 (compatible; Googlebot/2.1; +http://www.google.com/bot.html)" 180
198.199.105.67 - - [05/Sep/2017:20:28:03 -0700] "GET /admin/metadata HTTP/1.0" 200 335 "-" "libshout/2.3.1" 0
198.199.105.67 - - [05/Sep/2017:20:31:57 -0700] "GET /admin/metadata HTTP/1.0" 200 335 "-" "libshout/2.3.1" 0
198.199.105.67 - - [05/Sep/2017:20:34:59 -0700] "GET /admin/metadata HTTP/1.0" 200 335 "-" "libshout/2.3.1" 0
198.199.105.67 - - [05/Sep/2017:20:37:11 -0700] "GET /admin/metadata HTTP/1.0" 200 335 "-" "libshout/2.3.1" 0
208.80.84.160 - - [05/Sep/2017:20:39:37 -0700] "GET / HTTP/1.1" 200 2972 "-" "Mozilla/5.0 (Linux; Android 7.0; SAMSUNG SM-G930A Build/NRD90M) AppleWebKit/537.36 (KHTML, like Gecko) SamsungBrowser/5.4 Chrome/51.0.2704.106 Mobile Safari/537.36" 0
208.80.84.160 - - [05/Sep/2017:20:39:37 -0700] "GET /style.css HTTP/1.1" 200 4109 "http://198.199.105.67:8000/" "Mozilla/5.0 (Linux; Android 7.0; SAMSUNG SM-G930A Build/NRD90M) AppleWebKit/537.36 (KHTML, like Gecko) SamsungBrowser/5.4 Chrome/51.0.2704.106 Mobile Safari/537.36" 0
208.80.84.160 - - [05/Sep/2017:20:39:37 -0700] "GET /icecast.png HTTP/1.1" 200 4213 "http://198.199.105.67:8000/style.css" "Mozilla/5.0 (Linux; Android 7.0; SAMSUNG SM-G930A Build/NRD90M) AppleWebKit/537.36 (KHTML, like Gecko) SamsungBrowser/5.4 Chrome/51.0.2704.106 Mobile Safari/537.36" 0
208.80.84.160 - - [05/Sep/2017:20:39:37 -0700] "GET /tunein.png HTTP/1.1" 200 1902 "http://198.199.105.67:8000/style.css" "Mozilla/5.0 (Linux; Android 7.0; SAMSUNG SM-G930A Build/NRD90M) AppleWebKit/537.36 (KHTML, like Gecko) SamsungBrowser/5.4 Chrome/51.0.2704.106 Mobile Safari/537.36" 0
208.80.84.160 - - [05/Sep/2017:20:39:40 -0700] "GET / HTTP/1.1" 200 2972 "-" "Mozilla/5.0 (Linux; Android 7.0; SAMSUNG SM-G930A Build/NRD90M) AppleWebKit/537.36 (KHTML, like Gecko) SamsungBrowser/5.4 Chrome/51.0.2704.106 Mobile Safari/537.36" 0
208.80.84.160 - - [05/Sep/2017:20:39:40 -0700] "GET /style.css HTTP/1.1" 200 4109 "http://198.199.105.67:8000/" "Mozilla/5.0 (Linux; Android 7.0; SAMSUNG SM-G930A Build/NRD90M) AppleWebKit/537.36 (KHTML, like Gecko) SamsungBrowser/5.4 Chrome/51.0.2704.106 Mobile Safari/537.36" 0
208.80.84.160 - - [05/Sep/2017:20:39:40 -0700] "GET /tunein.png HTTP/1.1" 200 1902 "http://198.199.105.67:8000/style.css" "Mozilla/5.0 (Linux; Android 7.0; SAMSUNG SM-G930A Build/NRD90M) AppleWebKit/537.36 (KHTML, like Gecko) SamsungBrowser/5.4 Chrome/51.0.2704.106 Mobile Safari/537.36" 0
208.80.84.160 - - [05/Sep/2017:20:39:40 -0700] "GET /icecast.png HTTP/1.1" 200 4213 "http://198.199.105.67:8000/style.css" "Mozilla/5.0 (Linux; Android 7.0; SAMSUNG SM-G930A Build/NRD90M) AppleWebKit/537.36 (KHTML, like Gecko) SamsungBrowser/5.4 Chrome/51.0.2704.106 Mobile Safari/537.36" 0
17.142.154.40 - - [05/Sep/2017:20:40:12 -0700] "GET /robots.txt HTTP/1.1" 404 333 "-" "Mozilla/5.0 (Macintosh; Intel Mac OS X 10_10_1) AppleWebKit/600.2.5 (KHTML, like Gecko) Version/8.0.2 Safari/600.2.5 (Applebot/0.1; +http://www.apple.com/go/applebot)" 0
72.30.14.79 - - [05/Sep/2017:20:40:12 -0700] "GET /stream/robots.txt HTTP/1.1" 404 333 "-" "Mozilla/5.0 (compatible; Yahoo. Slurp; http://help.yahoo.com/help/us/ysearch/slurp)" 0
136.243.154.102 - - [05/Sep/2017:20:40:12 -0700] "HEAD /stream HTTP/1.1" 400 304 "-" "MetaURI API/2.0 +metauri.com" 0
72.30.14.68 - - [05/Sep/2017:20:40:13 -0700] "HEAD /stream HTTP/1.1" 400 304 "-" "Mozilla/5.0 (compatible; Yahoo. Slurp; http://help.yahoo.com/help/us/ysearch/slurp)" 0
136.243.154.102 - - [05/Sep/2017:20:40:19 -0700] "GET /stream HTTP/1.1" 200 298667 "-" "MetaURI API/2.0 +metauri.com" 6
144.76.23.18 - - [05/Sep/2017:20:40:23 -0700] "GET /stream/robots.txt HTTP/1.1" 404 333 "http://www.eplex.xyz/robots.txt" "Mozilla/5.0 (X11; U; Linux i686; ja; rv:1.8.0.10) Gecko/20070510 Fedora/1.5.0.10-6.fc6 Firefox/1.5.0.10" 0
144.76.23.18 - - [05/Sep/2017:20:40:24 -0700] "GET /robots.txt HTTP/1.1" 404 333 "-" "Mozilla/5.0 (X11; U; Linux i686; ja; rv:1.8.0.10) Gecko/20070510 Fedora/1.5.0.10-6.fc6 Firefox/1.5.0.10" 0
198.199.105.67 - - [05/Sep/2017:20:40:29 -0700] "GET /admin/metadata HTTP/1.0" 200 335 "-" "libshout/2.3.1" 0
144.76.23.18 - - [05/Sep/2017:20:41:55 -0700] "GET /stream HTTP/1.1" 200 3669867 "http://www.eplex.xyz/" "Mozilla/5.0 (X11; U; Linux i686; ja; rv:1.8.0.10) Gecko/20070510 Fedora/1.5.0.10-6.fc6 Firefox/1.5.0.10" 91
150.70.173.52 - - [05/Sep/2017:20:42:03 -0700] "GET /stream HTTP/1.1" 200 66622 "-" "Mozilla/4.0 (compatible; MSIE 8.0; Windows NT 5.1; Trident/4.0)" 0
108.79.253.210 - - [05/Sep/2017:20:43:42 -0700] "GET /stream HTTP/1.1" 200 66595 "http://www.echoplexmedia.com/live" "Mozilla/5.0 (Macintosh; Intel Mac OS X 10_12_6) AppleWebKit/603.3.8 (KHTML, like Gecko) Version/10.1.2 Safari/603.3.8" 0
198.199.105.67 - - [05/Sep/2017:20:43:49 -0700] "GET /admin/metadata HTTP/1.0" 200 335 "-" "libshout/2.3.1" 0
108.79.253.210 - - [05/Sep/2017:20:44:27 -0700] "GET /stream HTTP/1.1" 200 1872498 "http://www.echoplexmedia.com/live" "Mozilla/5.0 (Macintosh; Intel Mac OS X 10_12_6) AppleWebKit/603.3.8 (KHTML, like Gecko) Version/10.1.2 Safari/603.3.8" 45
108.79.253.210 - - [05/Sep/2017:20:45:17 -0700] "GET /stream HTTP/1.1" 200 118141 "http://www.echoplexmedia.com/live" "Mozilla/5.0 (Macintosh; Intel Mac OS X 10_12_6) AppleWebKit/603.3.8 (KHTML, like Gecko) Version/10.1.2 Safari/603.3.8" 1
69.171.225.50 - - [05/Sep/2017:20:45:22 -0700] "GET /stream HTTP/1.1" 200 466667 "-" "facebookexternalhit/1.1 (+http://www.facebook.com/externalhit_uatext.php)" 10
69.171.225.54 - - [05/Sep/2017:20:45:48 -0700] "GET /stream HTTP/1.1" 200 462467 "-" "facebookexternalhit/1.1 (+http://www.facebook.com/externalhit_uatext.php)" 10
108.79.253.210 - - [05/Sep/2017:20:46:31 -0700] "GET /stream HTTP/1.1" 200 654374 "http://www.echoplexmedia.com/live" "Mozilla/5.0 (Macintosh; Intel Mac OS X 10_12_6) AppleWebKit/603.3.8 (KHTML, like Gecko) Version/10.1.2 Safari/603.3.8" 15
198.199.105.67 - - [05/Sep/2017:20:48:50 -0700] "GET /admin/metadata HTTP/1.0" 200 335 "-" "libshout/2.3.1" 0
17.142.154.40 - - [05/Sep/2017:20:48:55 -0700] "GET /stream HTTP/1.1" 200 20976667 "-" "Mozilla/5.0 (Macintosh; Intel Mac OS X 10_10_1) AppleWebKit/600.2.5 (KHTML, like Gecko) Version/8.0.2 Safari/600.2.5 (Applebot/0.1; +http://www.apple.com/go/applebot)" 523
17.142.155.140 - - [05/Sep/2017:20:49:07 -0700] "GET /stream HTTP/1.1" 200 20976667 "-" "Mozilla/5.0 (Macintosh; Intel Mac OS X 10_10_1) AppleWebKit/600.2.5 (KHTML, like Gecko) Version/8.0.2 Safari/600.2.5 (Applebot/0.1; +http://www.apple.com/go/applebot)" 523
23.96.208.137 - - [05/Sep/2017:20:49:25 -0700] "GET /stream HTTP/1.1" 200 947934 "-" "Mozilla/5.0 (compatible; MSIE 10.0; Windows NT 6.1; Trident/6.0)" 29
198.199.105.67 - - [05/Sep/2017:20:51:41 -0700] "GET /admin/metadata HTTP/1.0" 200 335 "-" "libshout/2.3.1" 0
17.142.154.40 - - [05/Sep/2017:20:53:00 -0700] "GET /stream HTTP/1.1" 200 20975267 "-" "Mozilla/5.0 (Macintosh; Intel Mac OS X 10_10_1) AppleWebKit/600.2.5 (KHTML, like Gecko) Version/8.0.2 Safari/600.2.5 (Applebot/0.1; +http://www.apple.com/go/applebot)" 523
17.142.155.109 - - [05/Sep/2017:20:53:12 -0700] "GET /stream HTTP/1.1" 200 20975267 "-" "Mozilla/5.0 (Macintosh; Intel Mac OS X 10_10_1) AppleWebKit/600.2.5 (KHTML, like Gecko) Version/8.0.2 Safari/600.2.5 (Applebot/0.1; +http://www.apple.com/go/applebot)" 523
73.93.153.119 - - [05/Sep/2017:20:54:14 -0700] "GET /stream HTTP/1.1" 200 4063567 "http://m.facebook.com" "Mozilla/5.0 (iPhone; CPU iPhone OS 10_3_3 like Mac OS X) AppleWebKit/603.3.8 (KHTML, like Gecko) Mobile/14G60 [FBAN/FBIOS;FBAV/139.0.0.46.90;FBBV/70207865;FBDV/iPhone9,1;FBMD/iPhone;FBSN/iOS;FBSV/10.3.3;FBSS/2;FBCR/Verizon;FBID/phone;FBLC/en_US;FBOP/5;FBRV/70207865]" 113
198.199.105.67 - - [05/Sep/2017:20:54:44 -0700] "GET /admin/metadata HTTP/1.0" 200 335 "-" "libshout/2.3.1" 0
76.220.45.151 - - [05/Sep/2017:20:56:22 -0700] "GET /stream HTTP/1.1" 200 81667 "-" "Mozilla/5.0 (iPhone; CPU iPhone OS 10_3_2 like Mac OS X) AppleWebKit/603.2.4 (KHTML, like Gecko) Version/10.0 Mobile/14F89 Safari/602.1" 1
76.220.45.151 - - [05/Sep/2017:20:56:22 -0700] "GET /stream HTTP/1.1" 200 71867 "-" "Mozilla/5.0 (iPhone; CPU iPhone OS 10_3_2 like Mac OS X) AppleWebKit/603.2.4 (KHTML, like Gecko) Version/10.0 Mobile/14F89 Safari/602.1" 0
172.56.38.177 - - [05/Sep/2017:20:56:29 -0700] "GET /stream HTTP/1.1" 200 10589323 "http://m.facebook.com/" "Mozilla/5.0 (Linux; Android 6.0; Nexus 5X Build/MDA89E; wv) AppleWebKit/537.36 (KHTML, like Gecko) Version/4.0 Chrome/60.0.3112.116 Mobile Safari/537.36 [FB_IAB/FB4A;FBAV/139.0.0.26.93;]" 276
73.202.69.215 - - [05/Sep/2017:21:00:07 -0700] "GET /admin/metadata HTTP/1.0" 200 335 "-" "butt 0.1.13" 0
104.60.97.154 - - [05/Sep/2017:21:00:54 -0700] "GET /stream HTTP/1.1" 200 24777667 "http://m.facebook.com" "Mozilla/5.0 (iPhone; CPU iPhone OS 10_3_3 like Mac OS X) AppleWebKit/603.3.8 (KHTML, like Gecko) Mobile/14G60 [FBAN/FBIOS;FBAV/139.0.0.46.90;FBBV/70207865;FBDV/iPhone8,1;FBMD/iPhone;FBSN/iOS;FBSV/10.3.3;FBSS/2;FBCR/T-Mobile;FBID/phone;FBLC/en_US;FBOP/5;FBRV/70207865]" 618
73.202.69.215 - - [05/Sep/2017:21:01:02 -0700] "GET / HTTP/1.1" 200 3630 "-" "Mozilla/5.0 (X11; Ubuntu; Linux x86_64; rv:55.0) Gecko/20100101 Firefox/55.0" 0
73.202.69.215 - - [05/Sep/2017:21:01:02 -0700] "GET /style.css HTTP/1.1" 200 4109 "http://198.199.105.67:8000/" "Mozilla/5.0 (X11; Ubuntu; Linux x86_64; rv:55.0) Gecko/20100101 Firefox/55.0" 0
73.202.69.215 - - [05/Sep/2017:21:01:02 -0700] "GET /tunein.png HTTP/1.1" 200 1902 "http://198.199.105.67:8000/style.css" "Mozilla/5.0 (X11; Ubuntu; Linux x86_64; rv:55.0) Gecko/20100101 Firefox/55.0" 0
73.202.69.215 - - [05/Sep/2017:21:01:02 -0700] "GET /icecast.png HTTP/1.1" 200 4213 "http://198.199.105.67:8000/style.css" "Mozilla/5.0 (X11; Ubuntu; Linux x86_64; rv:55.0) Gecko/20100101 Firefox/55.0" 0
73.202.69.215 - - [05/Sep/2017:21:01:03 -0700] "GET /favicon.ico HTTP/1.1" 404 333 "-" "Mozilla/5.0 (X11; Ubuntu; Linux x86_64; rv:55.0) Gecko/20100101 Firefox/55.0" 0
73.202.69.215 - - [05/Sep/2017:21:01:03 -0700] "GET /favicon.ico HTTP/1.1" 404 333 "-" "Mozilla/5.0 (X11; Ubuntu; Linux x86_64; rv:55.0) Gecko/20100101 Firefox/55.0" 0
166.170.37.178 - - [05/Sep/2017:21:02:52 -0700] "GET /stream HTTP/1.1" 200 33488551 "http://m.facebook.com" "Mozilla/5.0 (iPhone; CPU iPhone OS 10_3_3 like Mac OS X) AppleWebKit/603.3.8 (KHTML, like Gecko) Mobile/14G60 [FBAN/FBIOS;FBAV/138.0.0.49.91;FBBV/69441604;FBDV/iPhone8,4;FBMD/iPhone;FBSN/iOS;FBSV/10.3.3;FBSS/2;FBCR/AT&T;FBID/phone;FBLC/en_US;FBOP/5;FBRV/70110511]" 849
166.137.177.223 - - [05/Sep/2017:21:02:54 -0700] "GET /stream HTTP/1.1" 200 17382867 "http://m.facebook.com" "Mozilla/5.0 (iPhone; CPU iPhone OS 10_3_3 like Mac OS X) AppleWebKit/603.3.8 (KHTML, like Gecko) Mobile/14G60 [FBAN/FBIOS;FBAV/139.0.0.46.90;FBBV/70207865;FBDV/iPhone9,3;FBMD/iPhone;FBSN/iOS;FBSV/10.3.3;FBSS/2;FBCR/AT&T;FBID/phone;FBLC/en_US;FBOP/5;FBRV/70207865]" 433
198.199.105.67 - - [05/Sep/2017:21:03:13 -0700] "GET /admin/metadata HTTP/1.0" 200 335 "-" "libshout/2.3.1" 0
73.202.69.215 - - [05/Sep/2017:21:03:23 -0700] "GET / HTTP/1.1" 200 3597 "-" "Mozilla/5.0 (Linux; Android 7.0; VS987 Build/NRD90U) AppleWebKit/537.36 (KHTML, like Gecko) Chrome/60.0.3112.116 Mobile Safari/537.36" 0
73.202.69.215 - - [05/Sep/2017:21:03:23 -0700] "GET /style.css HTTP/1.1" 200 4109 "http://198.199.105.67:8000/" "Mozilla/5.0 (Linux; Android 7.0; VS987 Build/NRD90U) AppleWebKit/537.36 (KHTML, like Gecko) Chrome/60.0.3112.116 Mobile Safari/537.36" 0
73.202.69.215 - - [05/Sep/2017:21:03:24 -0700] "GET /icecast.png HTTP/1.1" 200 4213 "http://198.199.105.67:8000/style.css" "Mozilla/5.0 (Linux; Android 7.0; VS987 Build/NRD90U) AppleWebKit/537.36 (KHTML, like Gecko) Chrome/60.0.3112.116 Mobile Safari/537.36" 1
73.202.69.215 - - [05/Sep/2017:21:03:24 -0700] "GET /tunein.png HTTP/1.1" 200 1902 "http://198.199.105.67:8000/style.css" "Mozilla/5.0 (Linux; Android 7.0; VS987 Build/NRD90U) AppleWebKit/537.36 (KHTML, like Gecko) Chrome/60.0.3112.116 Mobile Safari/537.36" 1
73.202.69.215 - - [05/Sep/2017:21:03:24 -0700] "GET /favicon.ico HTTP/1.1" 404 333 "http://198.199.105.67:8000/" "Mozilla/5.0 (Linux; Android 7.0; VS987 Build/NRD90U) AppleWebKit/537.36 (KHTML, like Gecko) Chrome/60.0.3112.116 Mobile Safari/537.36" 0
73.202.69.215 - - [05/Sep/2017:21:03:29 -0700] "GET /admin/ HTTP/1.1" 401 299 "http://198.199.105.67:8000/" "Mozilla/5.0 (Linux; Android 7.0; VS987 Build/NRD90U) AppleWebKit/537.36 (KHTML, like Gecko) Chrome/60.0.3112.116 Mobile Safari/537.36" 0
73.202.69.215 - - [05/Sep/2017:21:03:35 -0700] "GET /admin/ HTTP/1.1" 401 299 "http://198.199.105.67:8000/" "Mozilla/5.0 (Linux; Android 7.0; VS987 Build/NRD90U) AppleWebKit/537.36 (KHTML, like Gecko) Chrome/60.0.3112.116 Mobile Safari/537.36" 0
73.202.69.215 - - [05/Sep/2017:21:03:36 -0700] "GET /admin/ HTTP/1.1" 200 10141 "http://198.199.105.67:8000/" "Mozilla/5.0 (Linux; Android 7.0; VS987 Build/NRD90U) AppleWebKit/537.36 (KHTML, like Gecko) Chrome/60.0.3112.116 Mobile Safari/537.36" 1
73.202.69.215 - - [05/Sep/2017:21:03:36 -0700] "GET /style.css HTTP/1.1" 200 4109 "http://198.199.105.67:8000/admin/" "Mozilla/5.0 (Linux; Android 7.0; VS987 Build/NRD90U) AppleWebKit/537.36 (KHTML, like Gecko) Chrome/60.0.3112.116 Mobile Safari/537.36" 1
73.202.69.215 - - [05/Sep/2017:21:03:37 -0700] "GET /tunein.png HTTP/1.1" 200 1902 "http://198.199.105.67:8000/style.css" "Mozilla/5.0 (Linux; Android 7.0; VS987 Build/NRD90U) AppleWebKit/537.36 (KHTML, like Gecko) Chrome/60.0.3112.116 Mobile Safari/537.36" 2
73.202.69.215 - - [05/Sep/2017:21:03:38 -0700] "GET /admin/stats.xsl HTTP/1.1" 200 10141 "http://198.199.105.67:8000/admin/" "Mozilla/5.0 (Linux; Android 7.0; VS987 Build/NRD90U) AppleWebKit/537.36 (KHTML, like Gecko) Chrome/60.0.3112.116 Mobile Safari/537.36" 3
73.202.69.215 - - [05/Sep/2017:21:03:38 -0700] "GET /style.css HTTP/1.1" 200 4109 "http://198.199.105.67:8000/admin/stats.xsl" "Mozilla/5.0 (Linux; Android 7.0; VS987 Build/NRD90U) AppleWebKit/537.36 (KHTML, like Gecko) Chrome/60.0.3112.116 Mobile Safari/537.36" 0
73.202.69.215 - - [05/Sep/2017:21:03:38 -0700] "GET /tunein.png HTTP/1.1" 200 1902 "http://198.199.105.67:8000/style.css" "Mozilla/5.0 (Linux; Android 7.0; VS987 Build/NRD90U) AppleWebKit/537.36 (KHTML, like Gecko) Chrome/60.0.3112.116 Mobile Safari/537.36" 0
73.202.69.215 - - [05/Sep/2017:21:03:44 -0700] "GET /admin/moveclients.xsl HTTP/1.1" 200 1472 "http://198.199.105.67:8000/admin/stats.xsl" "Mozilla/5.0 (Linux; Android 7.0; VS987 Build/NRD90U) AppleWebKit/537.36 (KHTML, like Gecko) Chrome/60.0.3112.116 Mobile Safari/537.36" 0
73.202.69.215 - - [05/Sep/2017:21:03:44 -0700] "GET /style.css HTTP/1.1" 200 4109 "http://198.199.105.67:8000/admin/moveclients.xsl?mount=/stream2" "Mozilla/5.0 (Linux; Android 7.0; VS987 Build/NRD90U) AppleWebKit/537.36 (KHTML, like Gecko) Chrome/60.0.3112.116 Mobile Safari/537.36" 0
73.93.154.3 - - [05/Sep/2017:21:03:44 -0700] "GET /stream HTTP/1.1" 200 746724 "http://m.facebook.com" "Mozilla/5.0 (iPhone; CPU iPhone OS 10_3_3 like Mac OS X) AppleWebKit/603.3.8 (KHTML, like Gecko) Mobile/14G60 [FBAN/FBIOS;FBAV/139.0.0.46.90;FBBV/70207865;FBDV/iPhone9,1;FBMD/iPhone;FBSN/iOS;FBSV/10.3.3;FBSS/2;FBCR/Verizon;FBID/phone;FBLC/en_US;FBOP/5;FBRV/70207865]" 38
73.202.69.215 - - [05/Sep/2017:21:03:45 -0700] "GET /admin/moveclients.xsl HTTP/1.1" 200 1359 "http://198.199.105.67:8000/admin/moveclients.xsl?mount=/stream2" "Mozilla/5.0 (Linux; Android 7.0; VS987 Build/NRD90U) AppleWebKit/537.36 (KHTML, like Gecko) Chrome/60.0.3112.116 Mobile Safari/537.36" 0
73.202.69.215 - - [05/Sep/2017:21:03:45 -0700] "GET /style.css HTTP/1.1" 200 4109 "http://198.199.105.67:8000/admin/moveclients.xsl?mount=/stream2&destination=/stream" "Mozilla/5.0 (Linux; Android 7.0; VS987 Build/NRD90U) AppleWebKit/537.36 (KHTML, like Gecko) Chrome/60.0.3112.116 Mobile Safari/537.36" 0
67.188.142.112 - - [05/Sep/2017:21:03:46 -0700] "GET /status.xsl HTTP/1.1" 200 3599 "-" "Mozilla/5.0 (Macintosh; Intel Mac OS X 10_11_6) AppleWebKit/537.36 (KHTML, like Gecko) Chrome/53.0.2785.143 Safari/537.36" 0
73.202.69.215 - - [05/Sep/2017:21:03:47 -0700] "GET /status.xsl HTTP/1.1" 200 3599 "http://198.199.105.67:8000/admin/moveclients.xsl?mount=/stream2&destination=/stream" "Mozilla/5.0 (Linux; Android 7.0; VS987 Build/NRD90U) AppleWebKit/537.36 (KHTML, like Gecko) Chrome/60.0.3112.116 Mobile Safari/537.36" 0
73.202.69.215 - - [05/Sep/2017:21:03:47 -0700] "GET /style.css HTTP/1.1" 200 4109 "http://198.199.105.67:8000/status.xsl" "Mozilla/5.0 (Linux; Android 7.0; VS987 Build/NRD90U) AppleWebKit/537.36 (KHTML, like Gecko) Chrome/60.0.3112.116 Mobile Safari/537.36" 0
73.202.69.215 - - [05/Sep/2017:21:03:47 -0700] "GET /icecast.png HTTP/1.1" 200 4213 "http://198.199.105.67:8000/style.css" "Mozilla/5.0 (Linux; Android 7.0; VS987 Build/NRD90U) AppleWebKit/537.36 (KHTML, like Gecko) Chrome/60.0.3112.116 Mobile Safari/537.36" 0
73.202.69.215 - - [05/Sep/2017:21:03:48 -0700] "GET /tunein.png HTTP/1.1" 200 1902 "http://198.199.105.67:8000/style.css" "Mozilla/5.0 (Linux; Android 7.0; VS987 Build/NRD90U) AppleWebKit/537.36 (KHTML, like Gecko) Chrome/60.0.3112.116 Mobile Safari/537.36" 0
76.220.45.151 - - [05/Sep/2017:21:03:55 -0700] "GET /status.xsl HTTP/1.1" 200 3599 "-" "Echoplex%20Media/2 CFNetwork/811.5.4 Darwin/16.6.0" 0
76.220.45.151 - - [05/Sep/2017:21:03:55 -0700] "GET /status.xsl HTTP/1.1" 200 3599 "-" "Echoplex%20Media/2 CFNetwork/811.5.4 Darwin/16.6.0" 0
76.220.45.151 - - [05/Sep/2017:21:04:14 -0700] "GET /status.xsl HTTP/1.1" 200 3599 "-" "Echoplex%20Media/2 CFNetwork/811.5.4 Darwin/16.6.0" 0
76.220.45.151 - - [05/Sep/2017:21:04:34 -0700] "GET /status.xsl HTTP/1.1" 200 3599 "-" "Echoplex%20Media/2 CFNetwork/811.5.4 Darwin/16.6.0" 0
76.220.45.151 - - [05/Sep/2017:21:04:54 -0700] "GET /status.xsl HTTP/1.1" 200 3599 "-" "Echoplex%20Media/2 CFNetwork/811.5.4 Darwin/16.6.0" 0
76.220.45.151 - - [05/Sep/2017:21:05:02 -0700] "GET /stream HTTP/1.1" 200 20238990 "-" "AppleCoreMedia/1.0.0.14F89 (iPhone; U; CPU OS 10_3_2 like Mac OS X; en_us)" 520
76.220.45.151 - - [05/Sep/2017:21:05:14 -0700] "GET /status.xsl HTTP/1.1" 200 3599 "-" "Echoplex%20Media/2 CFNetwork/811.5.4 Darwin/16.6.0" 0
73.222.117.20 - - [05/Sep/2017:21:05:15 -0700] "GET /stream HTTP/1.1" 200 8420808 "http://m.facebook.com" "Mozilla/5.0 (iPhone; CPU iPhone OS 10_3_3 like Mac OS X) AppleWebKit/603.3.8 (KHTML, like Gecko) Mobile/14G60 [FBAN/FBIOS;FBAV/139.0.0.46.90;FBBV/70207865;FBDV/iPhone8,1;FBMD/iPhone;FBSN/iOS;FBSV/10.3.3;FBSS/2;FBCR/T-Mobile;FBID/phone;FBLC/en_US;FBOP/5;FBRV/70207865]" 278
76.220.45.151 - - [05/Sep/2017:21:05:34 -0700] "GET /status.xsl HTTP/1.1" 200 3599 "-" "Echoplex%20Media/2 CFNetwork/811.5.4 Darwin/16.6.0" 0
76.220.45.151 - - [05/Sep/2017:21:05:54 -0700] "GET /status.xsl HTTP/1.1" 200 3599 "-" "Echoplex%20Media/2 CFNetwork/811.5.4 Darwin/16.6.0" 0
76.220.45.151 - - [05/Sep/2017:21:06:14 -0700] "GET /status.xsl HTTP/1.1" 200 3599 "-" "Echoplex%20Media/2 CFNetwork/811.5.4 Darwin/16.6.0" 0
73.222.222.149 - - [05/Sep/2017:21:06:21 -0700] "GET /stream HTTP/1.1" 200 59646067 "http://www.echoplexmedia.com/live/" "Mozilla/5.0 (Windows NT 6.1; WOW64; rv:55.0) Gecko/20100101 Firefox/55.0" 1521
76.220.45.151 - - [05/Sep/2017:21:06:34 -0700] "GET /status.xsl HTTP/1.1" 200 3599 "-" "Echoplex%20Media/2 CFNetwork/811.5.4 Darwin/16.6.0" 0
76.220.45.151 - - [05/Sep/2017:21:06:41 -0700] "GET /stream HTTP/1.1" 200 73367 "-" "AppleCoreMedia/1.0.0.14F89 (iPhone; U; CPU OS 10_3_2 like Mac OS X; en_us)" 1
76.220.45.151 - - [05/Sep/2017:21:06:54 -0700] "GET /status.xsl HTTP/1.1" 200 3599 "-" "Echoplex%20Media/2 CFNetwork/811.5.4 Darwin/16.6.0" 0
76.220.45.151 - - [05/Sep/2017:21:07:14 -0700] "GET /status.xsl HTTP/1.1" 200 3599 "-" "Echoplex%20Media/2 CFNetwork/811.5.4 Darwin/16.6.0" 0
76.220.45.151 - - [05/Sep/2017:21:07:34 -0700] "GET /status.xsl HTTP/1.1" 200 3599 "-" "Echoplex%20Media/2 CFNetwork/811.5.4 Darwin/16.6.0" 0
76.220.45.151 - - [05/Sep/2017:21:07:54 -0700] "GET /status.xsl HTTP/1.1" 200 3599 "-" "Echoplex%20Media/2 CFNetwork/811.5.4 Darwin/16.6.0" 0
76.220.45.151 - - [05/Sep/2017:21:08:14 -0700] "GET /status.xsl HTTP/1.1" 200 3599 "-" "Echoplex%20Media/2 CFNetwork/811.5.4 Darwin/16.6.0" 0
76.220.45.151 - - [05/Sep/2017:21:08:34 -0700] "GET /status.xsl HTTP/1.1" 200 3599 "-" "Echoplex%20Media/2 CFNetwork/811.5.4 Darwin/16.6.0" 0
76.220.45.151 - - [05/Sep/2017:21:08:54 -0700] "GET /status.xsl HTTP/1.1" 200 3599 "-" "Echoplex%20Media/2 CFNetwork/811.5.4 Darwin/16.6.0" 0
208.80.84.160 - - [05/Sep/2017:21:09:09 -0700] "GET / HTTP/1.1" 200 3599 "-" "Mozilla/5.0 (Linux; Android 7.0; SAMSUNG SM-G930A Build/NRD90M) AppleWebKit/537.36 (KHTML, like Gecko) SamsungBrowser/5.4 Chrome/51.0.2704.106 Mobile Safari/537.36" 0
208.80.84.160 - - [05/Sep/2017:21:09:09 -0700] "GET /style.css HTTP/1.1" 200 4109 "http://198.199.105.67:8000/" "Mozilla/5.0 (Linux; Android 7.0; SAMSUNG SM-G930A Build/NRD90M) AppleWebKit/537.36 (KHTML, like Gecko) SamsungBrowser/5.4 Chrome/51.0.2704.106 Mobile Safari/537.36" 0
208.80.84.160 - - [05/Sep/2017:21:09:10 -0700] "GET /icecast.png HTTP/1.1" 200 4213 "http://198.199.105.67:8000/style.css" "Mozilla/5.0 (Linux; Android 7.0; SAMSUNG SM-G930A Build/NRD90M) AppleWebKit/537.36 (KHTML, like Gecko) SamsungBrowser/5.4 Chrome/51.0.2704.106 Mobile Safari/537.36" 0
208.80.84.160 - - [05/Sep/2017:21:09:10 -0700] "GET /tunein.png HTTP/1.1" 200 1902 "http://198.199.105.67:8000/style.css" "Mozilla/5.0 (Linux; Android 7.0; SAMSUNG SM-G930A Build/NRD90M) AppleWebKit/537.36 (KHTML, like Gecko) SamsungBrowser/5.4 Chrome/51.0.2704.106 Mobile Safari/537.36" 0
76.220.45.151 - - [05/Sep/2017:21:09:14 -0700] "GET /status.xsl HTTP/1.1" 200 3599 "-" "Echoplex%20Media/2 CFNetwork/811.5.4 Darwin/16.6.0" 0
76.220.45.151 - - [05/Sep/2017:21:09:34 -0700] "GET /status.xsl HTTP/1.1" 200 3599 "-" "Echoplex%20Media/2 CFNetwork/811.5.4 Darwin/16.6.0" 0
76.220.45.151 - - [05/Sep/2017:21:09:54 -0700] "GET /status.xsl HTTP/1.1" 200 3599 "-" "Echoplex%20Media/2 CFNetwork/811.5.4 Darwin/16.6.0" 0
76.220.45.151 - - [05/Sep/2017:21:10:14 -0700] "GET /status.xsl HTTP/1.1" 200 3599 "-" "Echoplex%20Media/2 CFNetwork/811.5.4 Darwin/16.6.0" 0
76.220.45.151 - - [05/Sep/2017:21:10:34 -0700] "GET /status.xsl HTTP/1.1" 200 3599 "-" "Echoplex%20Media/2 CFNetwork/811.5.4 Darwin/16.6.0" 0
76.220.45.151 - - [05/Sep/2017:21:10:54 -0700] "GET /status.xsl HTTP/1.1" 200 3599 "-" "Echoplex%20Media/2 CFNetwork/811.5.4 Darwin/16.6.0" 0
76.220.45.151 - - [05/Sep/2017:21:11:14 -0700] "GET /status.xsl HTTP/1.1" 200 3599 "-" "Echoplex%20Media/2 CFNetwork/811.5.4 Darwin/16.6.0" 0
76.220.45.151 - - [05/Sep/2017:21:11:34 -0700] "GET /status.xsl HTTP/1.1" 200 3599 "-" "Echoplex%20Media/2 CFNetwork/811.5.4 Darwin/16.6.0" 0
76.220.45.151 - - [05/Sep/2017:21:11:54 -0700] "GET /status.xsl HTTP/1.1" 200 3599 "-" "Echoplex%20Media/2 CFNetwork/811.5.4 Darwin/16.6.0" 0
76.220.45.151 - - [05/Sep/2017:21:12:14 -0700] "GET /status.xsl HTTP/1.1" 200 3599 "-" "Echoplex%20Media/2 CFNetwork/811.5.4 Darwin/16.6.0" 0
76.220.45.151 - - [05/Sep/2017:21:12:34 -0700] "GET /status.xsl HTTP/1.1" 200 3599 "-" "Echoplex%20Media/2 CFNetwork/811.5.4 Darwin/16.6.0" 0
198.199.105.67 - - [05/Sep/2017:21:12:41 -0700] "GET /admin/metadata HTTP/1.0" 200 335 "-" "libshout/2.3.1" 0
107.137.65.76 - - [05/Sep/2017:21:12:41 -0700] "GET /stream HTTP/1.1" 200 46136067 "http://m.facebook.com" "Mozilla/5.0 (iPad; CPU OS 9_3_5 like Mac OS X) AppleWebKit/601.1.46 (KHTML, like Gecko) Mobile/13G36 [FBAN/FBIOS;FBAV/139.0.0.46.90;FBBV/70207865;FBDV/iPad2,7;FBMD/iPad;FBSN/iPhone OS;FBSV/9.3.5;FBSS/1;FBCR/AT&T;FBID/tablet;FBLC/en_US;FBOP/5;FBRV/70207865]" 1259
76.220.45.151 - - [05/Sep/2017:21:12:54 -0700] "GET /status.xsl HTTP/1.1" 200 3595 "-" "Echoplex%20Media/2 CFNetwork/811.5.4 Darwin/16.6.0" 0
76.220.45.151 - - [05/Sep/2017:21:13:14 -0700] "GET /status.xsl HTTP/1.1" 200 3595 "-" "Echoplex%20Media/2 CFNetwork/811.5.4 Darwin/16.6.0" 0
76.220.45.151 - - [05/Sep/2017:21:13:34 -0700] "GET /status.xsl HTTP/1.1" 200 3595 "-" "Echoplex%20Media/2 CFNetwork/811.5.4 Darwin/16.6.0" 0
76.220.45.151 - - [05/Sep/2017:21:13:54 -0700] "GET /status.xsl HTTP/1.1" 200 3595 "-" "Echoplex%20Media/2 CFNetwork/811.5.4 Darwin/16.6.0" 0
76.220.45.151 - - [05/Sep/2017:21:14:14 -0700] "GET /status.xsl HTTP/1.1" 200 3595 "-" "Echoplex%20Media/2 CFNetwork/811.5.4 Darwin/16.6.0" 0
76.220.45.151 - - [05/Sep/2017:21:14:35 -0700] "GET /status.xsl HTTP/1.1" 200 3595 "-" "Echoplex%20Media/2 CFNetwork/811.5.4 Darwin/16.6.0" 0
76.220.45.151 - - [05/Sep/2017:21:14:54 -0700] "GET /status.xsl HTTP/1.1" 200 3595 "-" "Echoplex%20Media/2 CFNetwork/811.5.4 Darwin/16.6.0" 0
76.220.45.151 - - [05/Sep/2017:21:15:14 -0700] "GET /status.xsl HTTP/1.1" 200 3595 "-" "Echoplex%20Media/2 CFNetwork/811.5.4 Darwin/16.6.0" 0
76.220.45.151 - - [05/Sep/2017:21:15:34 -0700] "GET /status.xsl HTTP/1.1" 200 3595 "-" "Echoplex%20Media/2 CFNetwork/811.5.4 Darwin/16.6.0" 0
76.220.45.151 - - [05/Sep/2017:21:15:54 -0700] "GET /status.xsl HTTP/1.1" 200 3595 "-" "Echoplex%20Media/2 CFNetwork/811.5.4 Darwin/16.6.0" 0
76.220.45.151 - - [05/Sep/2017:21:16:14 -0700] "GET /status.xsl HTTP/1.1" 200 3595 "-" "Echoplex%20Media/2 CFNetwork/811.5.4 Darwin/16.6.0" 0
76.220.45.151 - - [05/Sep/2017:21:16:17 -0700] "GET /status.xsl HTTP/1.1" 200 3595 "-" "Echoplex%20Media/2 CFNetwork/811.5.4 Darwin/16.6.0" 0
76.220.45.151 - - [05/Sep/2017:21:16:26 -0700] "GET /stream HTTP/1.1" 200 23595536 "-" "Echoplex%20Media/2 CFNetwork/811.5.4 Darwin/16.6.0" 752
76.220.45.151 - - [05/Sep/2017:21:16:29 -0700] "GET /status.xsl HTTP/1.1" 200 3595 "-" "Echoplex%20Media/2 CFNetwork/811.5.4 Darwin/16.6.0" 0
76.220.45.151 - - [05/Sep/2017:21:16:34 -0700] "GET /status.xsl HTTP/1.1" 200 3595 "-" "Echoplex%20Media/2 CFNetwork/811.5.4 Darwin/16.6.0" 0
76.220.45.151 - - [05/Sep/2017:21:16:36 -0700] "GET /status.xsl HTTP/1.1" 200 3595 "-" "Echoplex%20Media/2 CFNetwork/811.5.4 Darwin/16.6.0" 0
73.93.153.23 - - [05/Sep/2017:21:16:40 -0700] "GET /stream HTTP/1.1" 200 1376104 "http://m.facebook.com" "Mozilla/5.0 (iPhone; CPU iPhone OS 10_3_3 like Mac OS X) AppleWebKit/603.3.8 (KHTML, like Gecko) Mobile/14G60 [FBAN/FBIOS;FBAV/139.0.0.46.90;FBBV/70207865;FBDV/iPhone9,1;FBMD/iPhone;FBSN/iOS;FBSV/10.3.3;FBSS/2;FBCR/Verizon;FBID/phone;FBLC/en_US;FBOP/5;FBRV/70207865]" 57
76.220.45.151 - - [05/Sep/2017:21:16:53 -0700] "GET /status.xsl HTTP/1.1" 200 3595 "-" "Echoplex%20Media/2 CFNetwork/811.5.4 Darwin/16.6.0" 0
76.220.45.151 - - [05/Sep/2017:21:16:53 -0700] "GET /status.xsl HTTP/1.1" 200 3595 "-" "Echoplex%20Media/2 CFNetwork/811.5.4 Darwin/16.6.0" 0
76.220.45.151 - - [05/Sep/2017:21:16:53 -0700] "GET /status.xsl HTTP/1.1" 200 3595 "-" "Echoplex%20Media/2 CFNetwork/811.5.4 Darwin/16.6.0" 0
76.220.45.151 - - [05/Sep/2017:21:16:54 -0700] "GET /status.xsl HTTP/1.1" 200 3595 "-" "Echoplex%20Media/2 CFNetwork/811.5.4 Darwin/16.6.0" 0
76.220.45.151 - - [05/Sep/2017:21:16:56 -0700] "GET /status.xsl HTTP/1.1" 200 3595 "-" "Echoplex%20Media/2 CFNetwork/811.5.4 Darwin/16.6.0" 0
76.220.45.151 - - [05/Sep/2017:21:17:09 -0700] "GET /status.xsl HTTP/1.1" 200 3595 "-" "Echoplex%20Media/2 CFNetwork/811.5.4 Darwin/16.6.0" 0
76.220.45.151 - - [05/Sep/2017:21:17:14 -0700] "GET /status.xsl HTTP/1.1" 200 3595 "-" "Echoplex%20Media/2 CFNetwork/811.5.4 Darwin/16.6.0" 0
76.220.45.151 - - [05/Sep/2017:21:17:16 -0700] "GET /status.xsl HTTP/1.1" 200 3595 "-" "Echoplex%20Media/2 CFNetwork/811.5.4 Darwin/16.6.0" 0
76.220.45.151 - - [05/Sep/2017:21:17:29 -0700] "GET /status.xsl HTTP/1.1" 200 3595 "-" "Echoplex%20Media/2 CFNetwork/811.5.4 Darwin/16.6.0" 0
76.220.45.151 - - [05/Sep/2017:21:17:34 -0700] "GET /status.xsl HTTP/1.1" 200 3595 "-" "Echoplex%20Media/2 CFNetwork/811.5.4 Darwin/16.6.0" 0
76.220.45.151 - - [05/Sep/2017:21:17:36 -0700] "GET /status.xsl HTTP/1.1" 200 3595 "-" "Echoplex%20Media/2 CFNetwork/811.5.4 Darwin/16.6.0" 0
73.202.177.190 - - [05/Sep/2017:21:17:38 -0700] "GET /stream HTTP/1.1" 200 11858432 "http://m.facebook.com" "Mozilla/5.0 (iPhone; CPU iPhone OS 10_3_3 like Mac OS X) AppleWebKit/603.3.8 (KHTML, like Gecko) Mobile/14G60 [FBAN/FBIOS;FBAV/139.0.0.46.90;FBBV/70207865;FBDV/iPhone9,1;FBMD/iPhone;FBSN/iOS;FBSV/10.3.3;FBSS/2;FBCR/AT&T;FBID/phone;FBLC/en_US;FBOP/5;FBRV/70207865]" 369
76.220.45.151 - - [05/Sep/2017:21:17:49 -0700] "GET /status.xsl HTTP/1.1" 200 3595 "-" "Echoplex%20Media/2 CFNetwork/811.5.4 Darwin/16.6.0" 0
76.220.45.151 - - [05/Sep/2017:21:17:54 -0700] "GET /status.xsl HTTP/1.1" 200 3595 "-" "Echoplex%20Media/2 CFNetwork/811.5.4 Darwin/16.6.0" 0
76.220.45.151 - - [05/Sep/2017:21:17:56 -0700] "GET /status.xsl HTTP/1.1" 200 3595 "-" "Echoplex%20Media/2 CFNetwork/811.5.4 Darwin/16.6.0" 0
198.199.105.67 - - [05/Sep/2017:21:18:06 -0700] "GET /admin/metadata HTTP/1.0" 200 335 "-" "libshout/2.3.1" 0
76.220.45.151 - - [05/Sep/2017:21:18:09 -0700] "GET /status.xsl HTTP/1.1" 200 3593 "-" "Echoplex%20Media/2 CFNetwork/811.5.4 Darwin/16.6.0" 0
76.220.45.151 - - [05/Sep/2017:21:18:15 -0700] "GET /status.xsl HTTP/1.1" 200 3593 "-" "Echoplex%20Media/2 CFNetwork/811.5.4 Darwin/16.6.0" 0
76.220.45.151 - - [05/Sep/2017:21:18:17 -0700] "GET /status.xsl HTTP/1.1" 200 3593 "-" "Echoplex%20Media/2 CFNetwork/811.5.4 Darwin/16.6.0" 0
76.220.45.151 - - [05/Sep/2017:21:18:29 -0700] "GET /status.xsl HTTP/1.1" 200 3593 "-" "Echoplex%20Media/2 CFNetwork/811.5.4 Darwin/16.6.0" 0
76.220.45.151 - - [05/Sep/2017:21:18:34 -0700] "GET /status.xsl HTTP/1.1" 200 3593 "-" "Echoplex%20Media/2 CFNetwork/811.5.4 Darwin/16.6.0" 0
76.220.45.151 - - [05/Sep/2017:21:18:36 -0700] "GET /status.xsl HTTP/1.1" 200 3593 "-" "Echoplex%20Media/2 CFNetwork/811.5.4 Darwin/16.6.0" 0
76.220.45.151 - - [05/Sep/2017:21:18:49 -0700] "GET /status.xsl HTTP/1.1" 200 3593 "-" "Echoplex%20Media/2 CFNetwork/811.5.4 Darwin/16.6.0" 0
76.220.45.151 - - [05/Sep/2017:21:18:54 -0700] "GET /status.xsl HTTP/1.1" 200 3593 "-" "Echoplex%20Media/2 CFNetwork/811.5.4 Darwin/16.6.0" 0
76.220.45.151 - - [05/Sep/2017:21:18:56 -0700] "GET /status.xsl HTTP/1.1" 200 3593 "-" "Echoplex%20Media/2 CFNetwork/811.5.4 Darwin/16.6.0" 0
76.220.45.151 - - [05/Sep/2017:21:19:09 -0700] "GET /status.xsl HTTP/1.1" 200 3593 "-" "Echoplex%20Media/2 CFNetwork/811.5.4 Darwin/16.6.0" 0
76.220.45.151 - - [05/Sep/2017:21:19:14 -0700] "GET /status.xsl HTTP/1.1" 200 3593 "-" "Echoplex%20Media/2 CFNetwork/811.5.4 Darwin/16.6.0" 0
76.220.45.151 - - [05/Sep/2017:21:19:16 -0700] "GET /status.xsl HTTP/1.1" 200 3593 "-" "Echoplex%20Media/2 CFNetwork/811.5.4 Darwin/16.6.0" 0
76.220.45.151 - - [05/Sep/2017:21:19:29 -0700] "GET /status.xsl HTTP/1.1" 200 3593 "-" "Echoplex%20Media/2 CFNetwork/811.5.4 Darwin/16.6.0" 0
76.220.45.151 - - [05/Sep/2017:21:19:34 -0700] "GET /status.xsl HTTP/1.1" 200 3593 "-" "Echoplex%20Media/2 CFNetwork/811.5.4 Darwin/16.6.0" 0
76.220.45.151 - - [05/Sep/2017:21:19:36 -0700] "GET /status.xsl HTTP/1.1" 200 3593 "-" "Echoplex%20Media/2 CFNetwork/811.5.4 Darwin/16.6.0" 0
76.220.45.151 - - [05/Sep/2017:21:19:49 -0700] "GET /status.xsl HTTP/1.1" 200 3593 "-" "Echoplex%20Media/2 CFNetwork/811.5.4 Darwin/16.6.0" 0
76.220.45.151 - - [05/Sep/2017:21:19:54 -0700] "GET /status.xsl HTTP/1.1" 200 3593 "-" "Echoplex%20Media/2 CFNetwork/811.5.4 Darwin/16.6.0" 0
76.220.45.151 - - [05/Sep/2017:21:19:56 -0700] "GET /status.xsl HTTP/1.1" 200 3593 "-" "Echoplex%20Media/2 CFNetwork/811.5.4 Darwin/16.6.0" 0
76.220.45.151 - - [05/Sep/2017:21:20:09 -0700] "GET /status.xsl HTTP/1.1" 200 3593 "-" "Echoplex%20Media/2 CFNetwork/811.5.4 Darwin/16.6.0" 0
76.220.45.151 - - [05/Sep/2017:21:20:14 -0700] "GET /status.xsl HTTP/1.1" 200 3593 "-" "Echoplex%20Media/2 CFNetwork/811.5.4 Darwin/16.6.0" 0
76.220.45.151 - - [05/Sep/2017:21:20:16 -0700] "GET /status.xsl HTTP/1.1" 200 3593 "-" "Echoplex%20Media/2 CFNetwork/811.5.4 Darwin/16.6.0" 0
76.220.45.151 - - [05/Sep/2017:21:20:29 -0700] "GET /status.xsl HTTP/1.1" 200 3593 "-" "Echoplex%20Media/2 CFNetwork/811.5.4 Darwin/16.6.0" 0
76.220.45.151 - - [05/Sep/2017:21:20:34 -0700] "GET /status.xsl HTTP/1.1" 200 3593 "-" "Echoplex%20Media/2 CFNetwork/811.5.4 Darwin/16.6.0" 0
76.220.45.151 - - [05/Sep/2017:21:20:36 -0700] "GET /status.xsl HTTP/1.1" 200 3593 "-" "Echoplex%20Media/2 CFNetwork/811.5.4 Darwin/16.6.0" 0
76.220.45.151 - - [05/Sep/2017:21:20:49 -0700] "GET /status.xsl HTTP/1.1" 200 3593 "-" "Echoplex%20Media/2 CFNetwork/811.5.4 Darwin/16.6.0" 0
76.220.45.151 - - [05/Sep/2017:21:20:54 -0700] "GET /status.xsl HTTP/1.1" 200 3593 "-" "Echoplex%20Media/2 CFNetwork/811.5.4 Darwin/16.6.0" 0
76.220.45.151 - - [05/Sep/2017:21:20:56 -0700] "GET /status.xsl HTTP/1.1" 200 3593 "-" "Echoplex%20Media/2 CFNetwork/811.5.4 Darwin/16.6.0" 0
76.220.45.151 - - [05/Sep/2017:21:21:09 -0700] "GET /status.xsl HTTP/1.1" 200 3593 "-" "Echoplex%20Media/2 CFNetwork/811.5.4 Darwin/16.6.0" 0
76.220.45.151 - - [05/Sep/2017:21:21:14 -0700] "GET /status.xsl HTTP/1.1" 200 3593 "-" "Echoplex%20Media/2 CFNetwork/811.5.4 Darwin/16.6.0" 0
76.220.45.151 - - [05/Sep/2017:21:21:16 -0700] "GET /status.xsl HTTP/1.1" 200 3593 "-" "Echoplex%20Media/2 CFNetwork/811.5.4 Darwin/16.6.0" 0
76.220.45.151 - - [05/Sep/2017:21:21:29 -0700] "GET /status.xsl HTTP/1.1" 200 3593 "-" "Echoplex%20Media/2 CFNetwork/811.5.4 Darwin/16.6.0" 0
76.220.45.151 - - [05/Sep/2017:21:21:34 -0700] "GET /status.xsl HTTP/1.1" 200 3593 "-" "Echoplex%20Media/2 CFNetwork/811.5.4 Darwin/16.6.0" 0
76.220.45.151 - - [05/Sep/2017:21:21:36 -0700] "GET /status.xsl HTTP/1.1" 200 3593 "-" "Echoplex%20Media/2 CFNetwork/811.5.4 Darwin/16.6.0" 0
76.220.45.151 - - [05/Sep/2017:21:21:49 -0700] "GET /status.xsl HTTP/1.1" 200 3593 "-" "Echoplex%20Media/2 CFNetwork/811.5.4 Darwin/16.6.0" 0
76.220.45.151 - - [05/Sep/2017:21:21:54 -0700] "GET /status.xsl HTTP/1.1" 200 3593 "-" "Echoplex%20Media/2 CFNetwork/811.5.4 Darwin/16.6.0" 0
76.220.45.151 - - [05/Sep/2017:21:21:56 -0700] "GET /status.xsl HTTP/1.1" 200 3593 "-" "Echoplex%20Media/2 CFNetwork/811.5.4 Darwin/16.6.0" 0
76.220.45.151 - - [05/Sep/2017:21:22:09 -0700] "GET /status.xsl HTTP/1.1" 200 3593 "-" "Echoplex%20Media/2 CFNetwork/811.5.4 Darwin/16.6.0" 0
76.220.45.151 - - [05/Sep/2017:21:22:14 -0700] "GET /status.xsl HTTP/1.1" 200 3593 "-" "Echoplex%20Media/2 CFNetwork/811.5.4 Darwin/16.6.0" 0
76.220.45.151 - - [05/Sep/2017:21:22:16 -0700] "GET /status.xsl HTTP/1.1" 200 3593 "-" "Echoplex%20Media/2 CFNetwork/811.5.4 Darwin/16.6.0" 0
76.220.45.151 - - [05/Sep/2017:21:22:29 -0700] "GET /status.xsl HTTP/1.1" 200 3593 "-" "Echoplex%20Media/2 CFNetwork/811.5.4 Darwin/16.6.0" 0
76.220.45.151 - - [05/Sep/2017:21:22:39 -0700] "GET /status.xsl HTTP/1.1" 200 3593 "-" "Echoplex%20Media/2 CFNetwork/811.5.4 Darwin/16.6.0" 0
76.220.45.151 - - [05/Sep/2017:21:22:39 -0700] "GET /status.xsl HTTP/1.1" 200 3593 "-" "Echoplex%20Media/2 CFNetwork/811.5.4 Darwin/16.6.0" 0
76.220.45.151 - - [05/Sep/2017:21:22:49 -0700] "GET /status.xsl HTTP/1.1" 200 3593 "-" "Echoplex%20Media/2 CFNetwork/811.5.4 Darwin/16.6.0" 0
76.220.45.151 - - [05/Sep/2017:21:22:54 -0700] "GET /status.xsl HTTP/1.1" 200 3593 "-" "Echoplex%20Media/2 CFNetwork/811.5.4 Darwin/16.6.0" 0
76.220.45.151 - - [05/Sep/2017:21:22:56 -0700] "GET /status.xsl HTTP/1.1" 200 3593 "-" "Echoplex%20Media/2 CFNetwork/811.5.4 Darwin/16.6.0" 0
76.220.45.151 - - [05/Sep/2017:21:23:09 -0700] "GET /status.xsl HTTP/1.1" 200 3593 "-" "Echoplex%20Media/2 CFNetwork/811.5.4 Darwin/16.6.0" 0
76.220.45.151 - - [05/Sep/2017:21:23:14 -0700] "GET /status.xsl HTTP/1.1" 200 3593 "-" "Echoplex%20Media/2 CFNetwork/811.5.4 Darwin/16.6.0" 0
76.220.45.151 - - [05/Sep/2017:21:23:16 -0700] "GET /status.xsl HTTP/1.1" 200 3593 "-" "Echoplex%20Media/2 CFNetwork/811.5.4 Darwin/16.6.0" 0
76.220.45.151 - - [05/Sep/2017:21:23:29 -0700] "GET /status.xsl HTTP/1.1" 200 3593 "-" "Echoplex%20Media/2 CFNetwork/811.5.4 Darwin/16.6.0" 0
76.220.45.151 - - [05/Sep/2017:21:23:34 -0700] "GET /status.xsl HTTP/1.1" 200 3593 "-" "Echoplex%20Media/2 CFNetwork/811.5.4 Darwin/16.6.0" 0
76.220.45.151 - - [05/Sep/2017:21:23:36 -0700] "GET /status.xsl HTTP/1.1" 200 3593 "-" "Echoplex%20Media/2 CFNetwork/811.5.4 Darwin/16.6.0" 0
76.220.45.151 - - [05/Sep/2017:21:23:49 -0700] "GET /status.xsl HTTP/1.1" 200 3593 "-" "Echoplex%20Media/2 CFNetwork/811.5.4 Darwin/16.6.0" 0
76.220.45.151 - - [05/Sep/2017:21:23:54 -0700] "GET /status.xsl HTTP/1.1" 200 3593 "-" "Echoplex%20Media/2 CFNetwork/811.5.4 Darwin/16.6.0" 0
76.220.45.151 - - [05/Sep/2017:21:23:56 -0700] "GET /status.xsl HTTP/1.1" 200 3593 "-" "Echoplex%20Media/2 CFNetwork/811.5.4 Darwin/16.6.0" 0
198.199.105.67 - - [05/Sep/2017:21:23:58 -0700] "GET /admin/metadata HTTP/1.0" 200 335 "-" "libshout/2.3.1" 0
76.220.45.151 - - [05/Sep/2017:21:24:09 -0700] "GET /status.xsl HTTP/1.1" 200 3600 "-" "Echoplex%20Media/2 CFNetwork/811.5.4 Darwin/16.6.0" 0
76.220.45.151 - - [05/Sep/2017:21:24:14 -0700] "GET /status.xsl HTTP/1.1" 200 3600 "-" "Echoplex%20Media/2 CFNetwork/811.5.4 Darwin/16.6.0" 0
76.220.45.151 - - [05/Sep/2017:21:24:17 -0700] "GET /status.xsl HTTP/1.1" 200 3600 "-" "Echoplex%20Media/2 CFNetwork/811.5.4 Darwin/16.6.0" 0
76.220.45.151 - - [05/Sep/2017:21:24:29 -0700] "GET /status.xsl HTTP/1.1" 200 3600 "-" "Echoplex%20Media/2 CFNetwork/811.5.4 Darwin/16.6.0" 0
76.220.45.151 - - [05/Sep/2017:21:24:34 -0700] "GET /status.xsl HTTP/1.1" 200 3600 "-" "Echoplex%20Media/2 CFNetwork/811.5.4 Darwin/16.6.0" 0
76.220.45.151 - - [05/Sep/2017:21:24:36 -0700] "GET /status.xsl HTTP/1.1" 200 3600 "-" "Echoplex%20Media/2 CFNetwork/811.5.4 Darwin/16.6.0" 0
76.220.45.151 - - [05/Sep/2017:21:24:49 -0700] "GET /status.xsl HTTP/1.1" 200 3600 "-" "Echoplex%20Media/2 CFNetwork/811.5.4 Darwin/16.6.0" 0
76.220.45.151 - - [05/Sep/2017:21:24:55 -0700] "GET /status.xsl HTTP/1.1" 200 3600 "-" "Echoplex%20Media/2 CFNetwork/811.5.4 Darwin/16.6.0" 0
76.220.45.151 - - [05/Sep/2017:21:24:57 -0700] "GET /status.xsl HTTP/1.1" 200 3600 "-" "Echoplex%20Media/2 CFNetwork/811.5.4 Darwin/16.6.0" 0
76.220.45.151 - - [05/Sep/2017:21:25:09 -0700] "GET /status.xsl HTTP/1.1" 200 3600 "-" "Echoplex%20Media/2 CFNetwork/811.5.4 Darwin/16.6.0" 0
76.220.45.151 - - [05/Sep/2017:21:25:14 -0700] "GET /status.xsl HTTP/1.1" 200 3600 "-" "Echoplex%20Media/2 CFNetwork/811.5.4 Darwin/16.6.0" 0
76.220.45.151 - - [05/Sep/2017:21:25:16 -0700] "GET /status.xsl HTTP/1.1" 200 3600 "-" "Echoplex%20Media/2 CFNetwork/811.5.4 Darwin/16.6.0" 0
76.220.45.151 - - [05/Sep/2017:21:25:29 -0700] "GET /status.xsl HTTP/1.1" 200 3600 "-" "Echoplex%20Media/2 CFNetwork/811.5.4 Darwin/16.6.0" 0
76.220.45.151 - - [05/Sep/2017:21:25:34 -0700] "GET /status.xsl HTTP/1.1" 200 3600 "-" "Echoplex%20Media/2 CFNetwork/811.5.4 Darwin/16.6.0" 0
76.220.45.151 - - [05/Sep/2017:21:25:37 -0700] "GET /status.xsl HTTP/1.1" 200 3600 "-" "Echoplex%20Media/2 CFNetwork/811.5.4 Darwin/16.6.0" 0
76.220.45.151 - - [05/Sep/2017:21:25:49 -0700] "GET /status.xsl HTTP/1.1" 200 3600 "-" "Echoplex%20Media/2 CFNetwork/811.5.4 Darwin/16.6.0" 0
76.220.45.151 - - [05/Sep/2017:21:25:54 -0700] "GET /status.xsl HTTP/1.1" 200 3600 "-" "Echoplex%20Media/2 CFNetwork/811.5.4 Darwin/16.6.0" 0
76.220.45.151 - - [05/Sep/2017:21:25:57 -0700] "GET /status.xsl HTTP/1.1" 200 3600 "-" "Echoplex%20Media/2 CFNetwork/811.5.4 Darwin/16.6.0" 0
76.220.45.151 - - [05/Sep/2017:21:26:09 -0700] "GET /status.xsl HTTP/1.1" 200 3600 "-" "Echoplex%20Media/2 CFNetwork/811.5.4 Darwin/16.6.0" 0
52.211.229.193 - - [05/Sep/2017:21:26:10 -0700] "GET /stream HTTP/1.1" 200 696232 "HTTP://eplex.xyz/" "Mozilla/5.0 (Windows NT 6.1; WOW64; rv:40.0) Gecko/20100101 Firefox/40.1" 20
108.79.253.210 - - [05/Sep/2017:21:26:12 -0700] "GET /stream HTTP/1.1" 200 111169 "http://www.echoplexmedia.com/live" "Mozilla/5.0 (Macintosh; Intel Mac OS X 10_12_6) AppleWebKit/603.3.8 (KHTML, like Gecko) Version/10.1.2 Safari/603.3.8" 2
76.220.45.151 - - [05/Sep/2017:21:26:14 -0700] "GET /status.xsl HTTP/1.1" 200 3600 "-" "Echoplex%20Media/2 CFNetwork/811.5.4 Darwin/16.6.0" 0
76.220.45.151 - - [05/Sep/2017:21:26:17 -0700] "GET /status.xsl HTTP/1.1" 200 3600 "-" "Echoplex%20Media/2 CFNetwork/811.5.4 Darwin/16.6.0" 1
76.220.45.151 - - [05/Sep/2017:21:26:29 -0700] "GET /status.xsl HTTP/1.1" 200 3600 "-" "Echoplex%20Media/2 CFNetwork/811.5.4 Darwin/16.6.0" 0
52.211.229.193 - - [05/Sep/2017:21:26:30 -0700] "GET /stream HTTP/1.1" 200 696232 "HTTP://eplex.xyz/" "Mozilla/5.0 (Windows NT 6.1; WOW64; rv:40.0) Gecko/20100101 Firefox/40.1" 20
76.220.45.151 - - [05/Sep/2017:21:26:35 -0700] "GET /status.xsl HTTP/1.1" 200 3600 "-" "Echoplex%20Media/2 CFNetwork/811.5.4 Darwin/16.6.0" 0
76.220.45.151 - - [05/Sep/2017:21:26:36 -0700] "GET /status.xsl HTTP/1.1" 200 3600 "-" "Echoplex%20Media/2 CFNetwork/811.5.4 Darwin/16.6.0" 0
76.220.45.151 - - [05/Sep/2017:21:26:49 -0700] "GET /status.xsl HTTP/1.1" 200 3600 "-" "Echoplex%20Media/2 CFNetwork/811.5.4 Darwin/16.6.0" 0
76.220.45.151 - - [05/Sep/2017:21:26:54 -0700] "GET /status.xsl HTTP/1.1" 200 3600 "-" "Echoplex%20Media/2 CFNetwork/811.5.4 Darwin/16.6.0" 0
